// Jest Snapshot v1, https://goo.gl/fbAQLP

exports[`Testing Tetrix main component should match snapshot 1`] = `
<div>
  <div
    class="sc-eCAqax hUOTtZ"
    role="button"
    tabindex="0"
  >
    <div
      class="sc-jSFipO fJFjjz"
    >
      <div
        class="sc-gtsqUy dAwutc"
        height="20"
        width="12"
      >
        <div
          class="sc-bdnyFh eWIcfs"
          color="0,0,0"
          type="0"
        />
        <div
          class="sc-bdnyFh eWIcfs"
          color="0,0,0"
          type="0"
        />
        <div
          class="sc-bdnyFh eWIcfs"
          color="0,0,0"
          type="0"
        />
        <div
          class="sc-bdnyFh eWIcfs"
          color="0,0,0"
          type="0"
        />
        <div
          class="sc-bdnyFh eWIcfs"
          color="0,0,0"
          type="0"
        />
        <div
          class="sc-bdnyFh eWIcfs"
          color="0,0,0"
          type="0"
        />
        <div
          class="sc-bdnyFh eWIcfs"
          color="0,0,0"
          type="0"
        />
        <div
          class="sc-bdnyFh eWIcfs"
          color="0,0,0"
          type="0"
        />
        <div
          class="sc-bdnyFh eWIcfs"
          color="0,0,0"
          type="0"
        />
        <div
          class="sc-bdnyFh eWIcfs"
          color="0,0,0"
          type="0"
        />
        <div
          class="sc-bdnyFh eWIcfs"
          color="0,0,0"
          type="0"
        />
        <div
          class="sc-bdnyFh eWIcfs"
          color="0,0,0"
          type="0"
        />
        <div
          class="sc-bdnyFh eWIcfs"
          color="0,0,0"
          type="0"
        />
        <div
          class="sc-bdnyFh eWIcfs"
          color="0,0,0"
          type="0"
        />
        <div
          class="sc-bdnyFh eWIcfs"
          color="0,0,0"
          type="0"
        />
        <div
          class="sc-bdnyFh eWIcfs"
          color="0,0,0"
          type="0"
        />
        <div
          class="sc-bdnyFh eWIcfs"
          color="0,0,0"
          type="0"
        />
        <div
          class="sc-bdnyFh eWIcfs"
          color="0,0,0"
          type="0"
        />
        <div
          class="sc-bdnyFh eWIcfs"
          color="0,0,0"
          type="0"
        />
        <div
          class="sc-bdnyFh eWIcfs"
          color="0,0,0"
          type="0"
        />
        <div
          class="sc-bdnyFh eWIcfs"
          color="0,0,0"
          type="0"
        />
        <div
          class="sc-bdnyFh eWIcfs"
          color="0,0,0"
          type="0"
        />
        <div
          class="sc-bdnyFh eWIcfs"
          color="0,0,0"
          type="0"
        />
        <div
          class="sc-bdnyFh eWIcfs"
          color="0,0,0"
          type="0"
        />
        <div
          class="sc-bdnyFh eWIcfs"
          color="0,0,0"
          type="0"
        />
        <div
          class="sc-bdnyFh eWIcfs"
          color="0,0,0"
          type="0"
        />
        <div
          class="sc-bdnyFh eWIcfs"
          color="0,0,0"
          type="0"
        />
        <div
          class="sc-bdnyFh eWIcfs"
          color="0,0,0"
          type="0"
        />
        <div
          class="sc-bdnyFh eWIcfs"
          color="0,0,0"
          type="0"
        />
        <div
          class="sc-bdnyFh eWIcfs"
          color="0,0,0"
          type="0"
        />
        <div
          class="sc-bdnyFh eWIcfs"
          color="0,0,0"
          type="0"
        />
        <div
          class="sc-bdnyFh eWIcfs"
          color="0,0,0"
          type="0"
        />
        <div
          class="sc-bdnyFh eWIcfs"
          color="0,0,0"
          type="0"
        />
        <div
          class="sc-bdnyFh eWIcfs"
          color="0,0,0"
          type="0"
        />
        <div
          class="sc-bdnyFh eWIcfs"
          color="0,0,0"
          type="0"
        />
        <div
          class="sc-bdnyFh eWIcfs"
          color="0,0,0"
          type="0"
        />
        <div
          class="sc-bdnyFh eWIcfs"
          color="0,0,0"
          type="0"
        />
        <div
          class="sc-bdnyFh eWIcfs"
          color="0,0,0"
          type="0"
        />
        <div
          class="sc-bdnyFh eWIcfs"
          color="0,0,0"
          type="0"
        />
        <div
          class="sc-bdnyFh eWIcfs"
          color="0,0,0"
          type="0"
        />
        <div
          class="sc-bdnyFh eWIcfs"
          color="0,0,0"
          type="0"
        />
        <div
          class="sc-bdnyFh eWIcfs"
          color="0,0,0"
          type="0"
        />
        <div
          class="sc-bdnyFh eWIcfs"
          color="0,0,0"
          type="0"
        />
        <div
          class="sc-bdnyFh eWIcfs"
          color="0,0,0"
          type="0"
        />
        <div
          class="sc-bdnyFh eWIcfs"
          color="0,0,0"
          type="0"
        />
        <div
          class="sc-bdnyFh eWIcfs"
          color="0,0,0"
          type="0"
        />
        <div
          class="sc-bdnyFh eWIcfs"
          color="0,0,0"
          type="0"
        />
        <div
          class="sc-bdnyFh eWIcfs"
          color="0,0,0"
          type="0"
        />
        <div
          class="sc-bdnyFh eWIcfs"
          color="0,0,0"
          type="0"
        />
        <div
          class="sc-bdnyFh eWIcfs"
          color="0,0,0"
          type="0"
        />
        <div
          class="sc-bdnyFh eWIcfs"
          color="0,0,0"
          type="0"
        />
        <div
          class="sc-bdnyFh eWIcfs"
          color="0,0,0"
          type="0"
        />
        <div
          class="sc-bdnyFh eWIcfs"
          color="0,0,0"
          type="0"
        />
        <div
          class="sc-bdnyFh eWIcfs"
          color="0,0,0"
          type="0"
        />
        <div
          class="sc-bdnyFh eWIcfs"
          color="0,0,0"
          type="0"
        />
        <div
          class="sc-bdnyFh eWIcfs"
          color="0,0,0"
          type="0"
        />
        <div
          class="sc-bdnyFh eWIcfs"
          color="0,0,0"
          type="0"
        />
        <div
          class="sc-bdnyFh eWIcfs"
          color="0,0,0"
          type="0"
        />
        <div
          class="sc-bdnyFh eWIcfs"
          color="0,0,0"
          type="0"
        />
        <div
          class="sc-bdnyFh eWIcfs"
          color="0,0,0"
          type="0"
        />
        <div
          class="sc-bdnyFh eWIcfs"
          color="0,0,0"
          type="0"
        />
        <div
          class="sc-bdnyFh eWIcfs"
          color="0,0,0"
          type="0"
        />
        <div
          class="sc-bdnyFh eWIcfs"
          color="0,0,0"
          type="0"
        />
        <div
          class="sc-bdnyFh eWIcfs"
          color="0,0,0"
          type="0"
        />
        <div
          class="sc-bdnyFh eWIcfs"
          color="0,0,0"
          type="0"
        />
        <div
          class="sc-bdnyFh eWIcfs"
          color="0,0,0"
          type="0"
        />
        <div
          class="sc-bdnyFh eWIcfs"
          color="0,0,0"
          type="0"
        />
        <div
          class="sc-bdnyFh eWIcfs"
          color="0,0,0"
          type="0"
        />
        <div
          class="sc-bdnyFh eWIcfs"
          color="0,0,0"
          type="0"
        />
        <div
          class="sc-bdnyFh eWIcfs"
          color="0,0,0"
          type="0"
        />
        <div
          class="sc-bdnyFh eWIcfs"
          color="0,0,0"
          type="0"
        />
        <div
          class="sc-bdnyFh eWIcfs"
          color="0,0,0"
          type="0"
        />
        <div
          class="sc-bdnyFh eWIcfs"
          color="0,0,0"
          type="0"
        />
        <div
          class="sc-bdnyFh eWIcfs"
          color="0,0,0"
          type="0"
        />
        <div
          class="sc-bdnyFh eWIcfs"
          color="0,0,0"
          type="0"
        />
        <div
          class="sc-bdnyFh eWIcfs"
          color="0,0,0"
          type="0"
        />
        <div
          class="sc-bdnyFh eWIcfs"
          color="0,0,0"
          type="0"
        />
        <div
          class="sc-bdnyFh eWIcfs"
          color="0,0,0"
          type="0"
        />
        <div
          class="sc-bdnyFh eWIcfs"
          color="0,0,0"
          type="0"
        />
        <div
          class="sc-bdnyFh eWIcfs"
          color="0,0,0"
          type="0"
        />
        <div
          class="sc-bdnyFh eWIcfs"
          color="0,0,0"
          type="0"
        />
        <div
          class="sc-bdnyFh eWIcfs"
          color="0,0,0"
          type="0"
        />
        <div
          class="sc-bdnyFh eWIcfs"
          color="0,0,0"
          type="0"
        />
        <div
          class="sc-bdnyFh eWIcfs"
          color="0,0,0"
          type="0"
        />
        <div
          class="sc-bdnyFh eWIcfs"
          color="0,0,0"
          type="0"
        />
        <div
          class="sc-bdnyFh eWIcfs"
          color="0,0,0"
          type="0"
        />
        <div
          class="sc-bdnyFh eWIcfs"
          color="0,0,0"
          type="0"
        />
        <div
          class="sc-bdnyFh eWIcfs"
          color="0,0,0"
          type="0"
        />
        <div
          class="sc-bdnyFh eWIcfs"
          color="0,0,0"
          type="0"
        />
        <div
          class="sc-bdnyFh eWIcfs"
          color="0,0,0"
          type="0"
        />
        <div
          class="sc-bdnyFh eWIcfs"
          color="0,0,0"
          type="0"
        />
        <div
          class="sc-bdnyFh eWIcfs"
          color="0,0,0"
          type="0"
        />
        <div
          class="sc-bdnyFh eWIcfs"
          color="0,0,0"
          type="0"
        />
        <div
          class="sc-bdnyFh eWIcfs"
          color="0,0,0"
          type="0"
        />
        <div
          class="sc-bdnyFh eWIcfs"
          color="0,0,0"
          type="0"
        />
        <div
          class="sc-bdnyFh eWIcfs"
          color="0,0,0"
          type="0"
        />
        <div
          class="sc-bdnyFh eWIcfs"
          color="0,0,0"
          type="0"
        />
        <div
          class="sc-bdnyFh eWIcfs"
          color="0,0,0"
          type="0"
        />
        <div
          class="sc-bdnyFh eWIcfs"
          color="0,0,0"
          type="0"
        />
        <div
          class="sc-bdnyFh eWIcfs"
          color="0,0,0"
          type="0"
        />
        <div
          class="sc-bdnyFh eWIcfs"
          color="0,0,0"
          type="0"
        />
        <div
          class="sc-bdnyFh eWIcfs"
          color="0,0,0"
          type="0"
        />
        <div
          class="sc-bdnyFh eWIcfs"
          color="0,0,0"
          type="0"
        />
        <div
          class="sc-bdnyFh eWIcfs"
          color="0,0,0"
          type="0"
        />
        <div
          class="sc-bdnyFh eWIcfs"
          color="0,0,0"
          type="0"
        />
        <div
          class="sc-bdnyFh eWIcfs"
          color="0,0,0"
          type="0"
        />
        <div
          class="sc-bdnyFh eWIcfs"
          color="0,0,0"
          type="0"
        />
        <div
          class="sc-bdnyFh eWIcfs"
          color="0,0,0"
          type="0"
        />
        <div
          class="sc-bdnyFh eWIcfs"
          color="0,0,0"
          type="0"
        />
        <div
          class="sc-bdnyFh eWIcfs"
          color="0,0,0"
          type="0"
        />
        <div
          class="sc-bdnyFh eWIcfs"
          color="0,0,0"
          type="0"
        />
        <div
          class="sc-bdnyFh eWIcfs"
          color="0,0,0"
          type="0"
        />
        <div
          class="sc-bdnyFh eWIcfs"
          color="0,0,0"
          type="0"
        />
        <div
          class="sc-bdnyFh eWIcfs"
          color="0,0,0"
          type="0"
        />
        <div
          class="sc-bdnyFh eWIcfs"
          color="0,0,0"
          type="0"
        />
        <div
          class="sc-bdnyFh eWIcfs"
          color="0,0,0"
          type="0"
        />
        <div
          class="sc-bdnyFh eWIcfs"
          color="0,0,0"
          type="0"
        />
        <div
          class="sc-bdnyFh eWIcfs"
          color="0,0,0"
          type="0"
        />
        <div
          class="sc-bdnyFh eWIcfs"
          color="0,0,0"
          type="0"
        />
        <div
          class="sc-bdnyFh eWIcfs"
          color="0,0,0"
          type="0"
        />
        <div
          class="sc-bdnyFh eWIcfs"
          color="0,0,0"
          type="0"
        />
        <div
          class="sc-bdnyFh eWIcfs"
          color="0,0,0"
          type="0"
        />
        <div
          class="sc-bdnyFh eWIcfs"
          color="0,0,0"
          type="0"
        />
        <div
          class="sc-bdnyFh eWIcfs"
          color="0,0,0"
          type="0"
        />
        <div
          class="sc-bdnyFh eWIcfs"
          color="0,0,0"
          type="0"
        />
        <div
          class="sc-bdnyFh eWIcfs"
          color="0,0,0"
          type="0"
        />
        <div
          class="sc-bdnyFh eWIcfs"
          color="0,0,0"
          type="0"
        />
        <div
          class="sc-bdnyFh eWIcfs"
          color="0,0,0"
          type="0"
        />
        <div
          class="sc-bdnyFh eWIcfs"
          color="0,0,0"
          type="0"
        />
        <div
          class="sc-bdnyFh eWIcfs"
          color="0,0,0"
          type="0"
        />
        <div
          class="sc-bdnyFh eWIcfs"
          color="0,0,0"
          type="0"
        />
        <div
          class="sc-bdnyFh eWIcfs"
          color="0,0,0"
          type="0"
        />
        <div
          class="sc-bdnyFh eWIcfs"
          color="0,0,0"
          type="0"
        />
        <div
          class="sc-bdnyFh eWIcfs"
          color="0,0,0"
          type="0"
        />
        <div
          class="sc-bdnyFh eWIcfs"
          color="0,0,0"
          type="0"
        />
        <div
          class="sc-bdnyFh eWIcfs"
          color="0,0,0"
          type="0"
        />
        <div
          class="sc-bdnyFh eWIcfs"
          color="0,0,0"
          type="0"
        />
        <div
          class="sc-bdnyFh eWIcfs"
          color="0,0,0"
          type="0"
        />
        <div
          class="sc-bdnyFh eWIcfs"
          color="0,0,0"
          type="0"
        />
        <div
          class="sc-bdnyFh eWIcfs"
          color="0,0,0"
          type="0"
        />
        <div
          class="sc-bdnyFh eWIcfs"
          color="0,0,0"
          type="0"
        />
        <div
          class="sc-bdnyFh eWIcfs"
          color="0,0,0"
          type="0"
        />
        <div
          class="sc-bdnyFh eWIcfs"
          color="0,0,0"
          type="0"
        />
        <div
          class="sc-bdnyFh eWIcfs"
          color="0,0,0"
          type="0"
        />
        <div
          class="sc-bdnyFh eWIcfs"
          color="0,0,0"
          type="0"
        />
        <div
          class="sc-bdnyFh eWIcfs"
          color="0,0,0"
          type="0"
        />
        <div
          class="sc-bdnyFh eWIcfs"
          color="0,0,0"
          type="0"
        />
        <div
          class="sc-bdnyFh eWIcfs"
          color="0,0,0"
          type="0"
        />
        <div
          class="sc-bdnyFh eWIcfs"
          color="0,0,0"
          type="0"
        />
        <div
          class="sc-bdnyFh eWIcfs"
          color="0,0,0"
          type="0"
        />
        <div
          class="sc-bdnyFh eWIcfs"
          color="0,0,0"
          type="0"
        />
        <div
          class="sc-bdnyFh eWIcfs"
          color="0,0,0"
          type="0"
        />
        <div
          class="sc-bdnyFh eWIcfs"
          color="0,0,0"
          type="0"
        />
        <div
          class="sc-bdnyFh eWIcfs"
          color="0,0,0"
          type="0"
        />
        <div
          class="sc-bdnyFh eWIcfs"
          color="0,0,0"
          type="0"
        />
        <div
          class="sc-bdnyFh eWIcfs"
          color="0,0,0"
          type="0"
        />
        <div
          class="sc-bdnyFh eWIcfs"
          color="0,0,0"
          type="0"
        />
        <div
          class="sc-bdnyFh eWIcfs"
          color="0,0,0"
          type="0"
        />
        <div
          class="sc-bdnyFh eWIcfs"
          color="0,0,0"
          type="0"
        />
        <div
          class="sc-bdnyFh eWIcfs"
          color="0,0,0"
          type="0"
        />
        <div
          class="sc-bdnyFh eWIcfs"
          color="0,0,0"
          type="0"
        />
        <div
          class="sc-bdnyFh eWIcfs"
          color="0,0,0"
          type="0"
        />
        <div
          class="sc-bdnyFh eWIcfs"
          color="0,0,0"
          type="0"
        />
        <div
          class="sc-bdnyFh eWIcfs"
          color="0,0,0"
          type="0"
        />
        <div
          class="sc-bdnyFh eWIcfs"
          color="0,0,0"
          type="0"
        />
        <div
          class="sc-bdnyFh eWIcfs"
          color="0,0,0"
          type="0"
        />
        <div
          class="sc-bdnyFh eWIcfs"
          color="0,0,0"
          type="0"
        />
        <div
          class="sc-bdnyFh eWIcfs"
          color="0,0,0"
          type="0"
        />
        <div
          class="sc-bdnyFh eWIcfs"
          color="0,0,0"
          type="0"
        />
        <div
          class="sc-bdnyFh eWIcfs"
          color="0,0,0"
          type="0"
        />
        <div
          class="sc-bdnyFh eWIcfs"
          color="0,0,0"
          type="0"
        />
        <div
          class="sc-bdnyFh eWIcfs"
          color="0,0,0"
          type="0"
        />
        <div
          class="sc-bdnyFh eWIcfs"
          color="0,0,0"
          type="0"
        />
        <div
          class="sc-bdnyFh eWIcfs"
          color="0,0,0"
          type="0"
        />
        <div
          class="sc-bdnyFh eWIcfs"
          color="0,0,0"
          type="0"
        />
        <div
          class="sc-bdnyFh eWIcfs"
          color="0,0,0"
          type="0"
        />
        <div
          class="sc-bdnyFh eWIcfs"
          color="0,0,0"
          type="0"
        />
        <div
          class="sc-bdnyFh eWIcfs"
          color="0,0,0"
          type="0"
        />
        <div
          class="sc-bdnyFh eWIcfs"
          color="0,0,0"
          type="0"
        />
        <div
          class="sc-bdnyFh eWIcfs"
          color="0,0,0"
          type="0"
        />
        <div
          class="sc-bdnyFh eWIcfs"
          color="0,0,0"
          type="0"
        />
        <div
          class="sc-bdnyFh eWIcfs"
          color="0,0,0"
          type="0"
        />
        <div
          class="sc-bdnyFh eWIcfs"
          color="0,0,0"
          type="0"
        />
        <div
          class="sc-bdnyFh eWIcfs"
          color="0,0,0"
          type="0"
        />
        <div
          class="sc-bdnyFh eWIcfs"
          color="0,0,0"
          type="0"
        />
        <div
          class="sc-bdnyFh eWIcfs"
          color="0,0,0"
          type="0"
        />
        <div
          class="sc-bdnyFh eWIcfs"
          color="0,0,0"
          type="0"
        />
        <div
          class="sc-bdnyFh eWIcfs"
          color="0,0,0"
          type="0"
        />
        <div
          class="sc-bdnyFh eWIcfs"
          color="0,0,0"
          type="0"
        />
        <div
          class="sc-bdnyFh eWIcfs"
          color="0,0,0"
          type="0"
        />
        <div
          class="sc-bdnyFh eWIcfs"
          color="0,0,0"
          type="0"
        />
        <div
          class="sc-bdnyFh eWIcfs"
          color="0,0,0"
          type="0"
        />
        <div
          class="sc-bdnyFh eWIcfs"
          color="0,0,0"
          type="0"
        />
        <div
          class="sc-bdnyFh eWIcfs"
          color="0,0,0"
          type="0"
        />
        <div
          class="sc-bdnyFh eWIcfs"
          color="0,0,0"
          type="0"
        />
        <div
          class="sc-bdnyFh eWIcfs"
          color="0,0,0"
          type="0"
        />
        <div
          class="sc-bdnyFh eWIcfs"
          color="0,0,0"
          type="0"
        />
        <div
          class="sc-bdnyFh eWIcfs"
          color="0,0,0"
          type="0"
        />
        <div
          class="sc-bdnyFh eWIcfs"
          color="0,0,0"
          type="0"
        />
        <div
          class="sc-bdnyFh eWIcfs"
          color="0,0,0"
          type="0"
        />
        <div
          class="sc-bdnyFh eWIcfs"
          color="0,0,0"
          type="0"
        />
        <div
          class="sc-bdnyFh eWIcfs"
          color="0,0,0"
          type="0"
        />
        <div
          class="sc-bdnyFh eWIcfs"
          color="0,0,0"
          type="0"
        />
        <div
          class="sc-bdnyFh eWIcfs"
          color="0,0,0"
          type="0"
        />
        <div
          class="sc-bdnyFh eWIcfs"
          color="0,0,0"
          type="0"
        />
        <div
          class="sc-bdnyFh eWIcfs"
          color="0,0,0"
          type="0"
        />
        <div
          class="sc-bdnyFh eWIcfs"
          color="0,0,0"
          type="0"
        />
        <div
          class="sc-bdnyFh eWIcfs"
          color="0,0,0"
          type="0"
        />
        <div
          class="sc-bdnyFh eWIcfs"
          color="0,0,0"
          type="0"
        />
        <div
          class="sc-bdnyFh eWIcfs"
          color="0,0,0"
          type="0"
        />
        <div
          class="sc-bdnyFh eWIcfs"
          color="0,0,0"
          type="0"
        />
        <div
          class="sc-bdnyFh eWIcfs"
          color="0,0,0"
          type="0"
        />
        <div
          class="sc-bdnyFh eWIcfs"
          color="0,0,0"
          type="0"
        />
        <div
          class="sc-bdnyFh eWIcfs"
          color="0,0,0"
          type="0"
        />
        <div
          class="sc-bdnyFh eWIcfs"
          color="0,0,0"
          type="0"
        />
        <div
          class="sc-bdnyFh eWIcfs"
          color="0,0,0"
          type="0"
        />
        <div
          class="sc-bdnyFh eWIcfs"
          color="0,0,0"
          type="0"
        />
        <div
          class="sc-bdnyFh eWIcfs"
          color="0,0,0"
          type="0"
        />
        <div
          class="sc-bdnyFh eWIcfs"
          color="0,0,0"
          type="0"
        />
        <div
          class="sc-bdnyFh eWIcfs"
          color="0,0,0"
          type="0"
        />
        <div
          class="sc-bdnyFh eWIcfs"
          color="0,0,0"
          type="0"
        />
        <div
          class="sc-bdnyFh eWIcfs"
          color="0,0,0"
          type="0"
        />
        <div
          class="sc-bdnyFh eWIcfs"
          color="0,0,0"
          type="0"
        />
        <div
          class="sc-bdnyFh eWIcfs"
          color="0,0,0"
          type="0"
        />
        <div
          class="sc-bdnyFh eWIcfs"
          color="0,0,0"
          type="0"
        />
        <div
          class="sc-bdnyFh eWIcfs"
          color="0,0,0"
          type="0"
        />
        <div
          class="sc-bdnyFh eWIcfs"
          color="0,0,0"
          type="0"
        />
        <div
          class="sc-bdnyFh eWIcfs"
          color="0,0,0"
          type="0"
        />
        <div
          class="sc-bdnyFh eWIcfs"
          color="0,0,0"
          type="0"
        />
        <div
          class="sc-bdnyFh eWIcfs"
          color="0,0,0"
          type="0"
        />
        <div
          class="sc-bdnyFh eWIcfs"
          color="0,0,0"
          type="0"
        />
        <div
          class="sc-bdnyFh eWIcfs"
          color="0,0,0"
          type="0"
        />
        <div
          class="sc-bdnyFh eWIcfs"
          color="0,0,0"
          type="0"
        />
        <div
          class="sc-bdnyFh eWIcfs"
          color="0,0,0"
          type="0"
        />
        <div
          class="sc-bdnyFh eWIcfs"
          color="0,0,0"
          type="0"
        />
        <div
          class="sc-bdnyFh eWIcfs"
          color="0,0,0"
          type="0"
        />
        <div
          class="sc-bdnyFh eWIcfs"
          color="0,0,0"
          type="0"
        />
        <div
          class="sc-bdnyFh eWIcfs"
          color="0,0,0"
          type="0"
        />
        <div
          class="sc-bdnyFh eWIcfs"
          color="0,0,0"
          type="0"
        />
        <div
          class="sc-bdnyFh eWIcfs"
          color="0,0,0"
          type="0"
        />
      </div>
      <aside>
        <div>
          <div
            class="sc-dlniIP hTTtfJ"
          >
            Score: 0
          </div>
          <div
            class="sc-dlniIP hTTtfJ"
          >
            Rows: 0
          </div>
          <div
            class="sc-dlniIP hTTtfJ"
          >
            Level: 0
          </div>
        </div>
        <div
          class="sc-hKFymg pDXxZ"
        >
          Start Game
        </div>
      </aside>
    </div>
  </div>
</div>
`;
