// Jest Snapshot v1, https://goo.gl/fbAQLP

exports[`Testing Tetrix main component it should render the game 1`] = `
<div>
  <div
    class="sc-eCYdqJ kjyEbZ"
    role="button"
    tabindex="0"
  >
    <div
      class="sc-jSMfEi cjTnrA"
    >
      <div
        class="sc-gsnTZi bnaJeA"
        height="20"
        width="12"
      >
        <div
          class="sc-bczRLJ iawlzu"
          color="0,0,0"
          type="0"
        />
        <div
          class="sc-bczRLJ iawlzu"
          color="0,0,0"
          type="0"
        />
        <div
          class="sc-bczRLJ iawlzu"
          color="0,0,0"
          type="0"
        />
        <div
          class="sc-bczRLJ iawlzu"
          color="0,0,0"
          type="0"
        />
        <div
          class="sc-bczRLJ iawlzu"
          color="0,0,0"
          type="0"
        />
        <div
          class="sc-bczRLJ iawlzu"
          color="0,0,0"
          type="0"
        />
        <div
          class="sc-bczRLJ iawlzu"
          color="0,0,0"
          type="0"
        />
        <div
          class="sc-bczRLJ iawlzu"
          color="0,0,0"
          type="0"
        />
        <div
          class="sc-bczRLJ iawlzu"
          color="0,0,0"
          type="0"
        />
        <div
          class="sc-bczRLJ iawlzu"
          color="0,0,0"
          type="0"
        />
        <div
          class="sc-bczRLJ iawlzu"
          color="0,0,0"
          type="0"
        />
        <div
          class="sc-bczRLJ iawlzu"
          color="0,0,0"
          type="0"
        />
        <div
          class="sc-bczRLJ iawlzu"
          color="0,0,0"
          type="0"
        />
        <div
          class="sc-bczRLJ iawlzu"
          color="0,0,0"
          type="0"
        />
        <div
          class="sc-bczRLJ iawlzu"
          color="0,0,0"
          type="0"
        />
        <div
          class="sc-bczRLJ iawlzu"
          color="0,0,0"
          type="0"
        />
        <div
          class="sc-bczRLJ iawlzu"
          color="0,0,0"
          type="0"
        />
        <div
          class="sc-bczRLJ iawlzu"
          color="0,0,0"
          type="0"
        />
        <div
          class="sc-bczRLJ iawlzu"
          color="0,0,0"
          type="0"
        />
        <div
          class="sc-bczRLJ iawlzu"
          color="0,0,0"
          type="0"
        />
        <div
          class="sc-bczRLJ iawlzu"
          color="0,0,0"
          type="0"
        />
        <div
          class="sc-bczRLJ iawlzu"
          color="0,0,0"
          type="0"
        />
        <div
          class="sc-bczRLJ iawlzu"
          color="0,0,0"
          type="0"
        />
        <div
          class="sc-bczRLJ iawlzu"
          color="0,0,0"
          type="0"
        />
        <div
          class="sc-bczRLJ iawlzu"
          color="0,0,0"
          type="0"
        />
        <div
          class="sc-bczRLJ iawlzu"
          color="0,0,0"
          type="0"
        />
        <div
          class="sc-bczRLJ iawlzu"
          color="0,0,0"
          type="0"
        />
        <div
          class="sc-bczRLJ iawlzu"
          color="0,0,0"
          type="0"
        />
        <div
          class="sc-bczRLJ iawlzu"
          color="0,0,0"
          type="0"
        />
        <div
          class="sc-bczRLJ iawlzu"
          color="0,0,0"
          type="0"
        />
        <div
          class="sc-bczRLJ iawlzu"
          color="0,0,0"
          type="0"
        />
        <div
          class="sc-bczRLJ iawlzu"
          color="0,0,0"
          type="0"
        />
        <div
          class="sc-bczRLJ iawlzu"
          color="0,0,0"
          type="0"
        />
        <div
          class="sc-bczRLJ iawlzu"
          color="0,0,0"
          type="0"
        />
        <div
          class="sc-bczRLJ iawlzu"
          color="0,0,0"
          type="0"
        />
        <div
          class="sc-bczRLJ iawlzu"
          color="0,0,0"
          type="0"
        />
        <div
          class="sc-bczRLJ iawlzu"
          color="0,0,0"
          type="0"
        />
        <div
          class="sc-bczRLJ iawlzu"
          color="0,0,0"
          type="0"
        />
        <div
          class="sc-bczRLJ iawlzu"
          color="0,0,0"
          type="0"
        />
        <div
          class="sc-bczRLJ iawlzu"
          color="0,0,0"
          type="0"
        />
        <div
          class="sc-bczRLJ iawlzu"
          color="0,0,0"
          type="0"
        />
        <div
          class="sc-bczRLJ iawlzu"
          color="0,0,0"
          type="0"
        />
        <div
          class="sc-bczRLJ iawlzu"
          color="0,0,0"
          type="0"
        />
        <div
          class="sc-bczRLJ iawlzu"
          color="0,0,0"
          type="0"
        />
        <div
          class="sc-bczRLJ iawlzu"
          color="0,0,0"
          type="0"
        />
        <div
          class="sc-bczRLJ iawlzu"
          color="0,0,0"
          type="0"
        />
        <div
          class="sc-bczRLJ iawlzu"
          color="0,0,0"
          type="0"
        />
        <div
          class="sc-bczRLJ iawlzu"
          color="0,0,0"
          type="0"
        />
        <div
          class="sc-bczRLJ iawlzu"
          color="0,0,0"
          type="0"
        />
        <div
          class="sc-bczRLJ iawlzu"
          color="0,0,0"
          type="0"
        />
        <div
          class="sc-bczRLJ iawlzu"
          color="0,0,0"
          type="0"
        />
        <div
          class="sc-bczRLJ iawlzu"
          color="0,0,0"
          type="0"
        />
        <div
          class="sc-bczRLJ iawlzu"
          color="0,0,0"
          type="0"
        />
        <div
          class="sc-bczRLJ iawlzu"
          color="0,0,0"
          type="0"
        />
        <div
          class="sc-bczRLJ iawlzu"
          color="0,0,0"
          type="0"
        />
        <div
          class="sc-bczRLJ iawlzu"
          color="0,0,0"
          type="0"
        />
        <div
          class="sc-bczRLJ iawlzu"
          color="0,0,0"
          type="0"
        />
        <div
          class="sc-bczRLJ iawlzu"
          color="0,0,0"
          type="0"
        />
        <div
          class="sc-bczRLJ iawlzu"
          color="0,0,0"
          type="0"
        />
        <div
          class="sc-bczRLJ iawlzu"
          color="0,0,0"
          type="0"
        />
        <div
          class="sc-bczRLJ iawlzu"
          color="0,0,0"
          type="0"
        />
        <div
          class="sc-bczRLJ iawlzu"
          color="0,0,0"
          type="0"
        />
        <div
          class="sc-bczRLJ iawlzu"
          color="0,0,0"
          type="0"
        />
        <div
          class="sc-bczRLJ iawlzu"
          color="0,0,0"
          type="0"
        />
        <div
          class="sc-bczRLJ iawlzu"
          color="0,0,0"
          type="0"
        />
        <div
          class="sc-bczRLJ iawlzu"
          color="0,0,0"
          type="0"
        />
        <div
          class="sc-bczRLJ iawlzu"
          color="0,0,0"
          type="0"
        />
        <div
          class="sc-bczRLJ iawlzu"
          color="0,0,0"
          type="0"
        />
        <div
          class="sc-bczRLJ iawlzu"
          color="0,0,0"
          type="0"
        />
        <div
          class="sc-bczRLJ iawlzu"
          color="0,0,0"
          type="0"
        />
        <div
          class="sc-bczRLJ iawlzu"
          color="0,0,0"
          type="0"
        />
        <div
          class="sc-bczRLJ iawlzu"
          color="0,0,0"
          type="0"
        />
        <div
          class="sc-bczRLJ iawlzu"
          color="0,0,0"
          type="0"
        />
        <div
          class="sc-bczRLJ iawlzu"
          color="0,0,0"
          type="0"
        />
        <div
          class="sc-bczRLJ iawlzu"
          color="0,0,0"
          type="0"
        />
        <div
          class="sc-bczRLJ iawlzu"
          color="0,0,0"
          type="0"
        />
        <div
          class="sc-bczRLJ iawlzu"
          color="0,0,0"
          type="0"
        />
        <div
          class="sc-bczRLJ iawlzu"
          color="0,0,0"
          type="0"
        />
        <div
          class="sc-bczRLJ iawlzu"
          color="0,0,0"
          type="0"
        />
        <div
          class="sc-bczRLJ iawlzu"
          color="0,0,0"
          type="0"
        />
        <div
          class="sc-bczRLJ iawlzu"
          color="0,0,0"
          type="0"
        />
        <div
          class="sc-bczRLJ iawlzu"
          color="0,0,0"
          type="0"
        />
        <div
          class="sc-bczRLJ iawlzu"
          color="0,0,0"
          type="0"
        />
        <div
          class="sc-bczRLJ iawlzu"
          color="0,0,0"
          type="0"
        />
        <div
          class="sc-bczRLJ iawlzu"
          color="0,0,0"
          type="0"
        />
        <div
          class="sc-bczRLJ iawlzu"
          color="0,0,0"
          type="0"
        />
        <div
          class="sc-bczRLJ iawlzu"
          color="0,0,0"
          type="0"
        />
        <div
          class="sc-bczRLJ iawlzu"
          color="0,0,0"
          type="0"
        />
        <div
          class="sc-bczRLJ iawlzu"
          color="0,0,0"
          type="0"
        />
        <div
          class="sc-bczRLJ iawlzu"
          color="0,0,0"
          type="0"
        />
        <div
          class="sc-bczRLJ iawlzu"
          color="0,0,0"
          type="0"
        />
        <div
          class="sc-bczRLJ iawlzu"
          color="0,0,0"
          type="0"
        />
        <div
          class="sc-bczRLJ iawlzu"
          color="0,0,0"
          type="0"
        />
        <div
          class="sc-bczRLJ iawlzu"
          color="0,0,0"
          type="0"
        />
        <div
          class="sc-bczRLJ iawlzu"
          color="0,0,0"
          type="0"
        />
        <div
          class="sc-bczRLJ iawlzu"
          color="0,0,0"
          type="0"
        />
        <div
          class="sc-bczRLJ iawlzu"
          color="0,0,0"
          type="0"
        />
        <div
          class="sc-bczRLJ iawlzu"
          color="0,0,0"
          type="0"
        />
        <div
          class="sc-bczRLJ iawlzu"
          color="0,0,0"
          type="0"
        />
        <div
          class="sc-bczRLJ iawlzu"
          color="0,0,0"
          type="0"
        />
        <div
          class="sc-bczRLJ iawlzu"
          color="0,0,0"
          type="0"
        />
        <div
          class="sc-bczRLJ iawlzu"
          color="0,0,0"
          type="0"
        />
        <div
          class="sc-bczRLJ iawlzu"
          color="0,0,0"
          type="0"
        />
        <div
          class="sc-bczRLJ iawlzu"
          color="0,0,0"
          type="0"
        />
        <div
          class="sc-bczRLJ iawlzu"
          color="0,0,0"
          type="0"
        />
        <div
          class="sc-bczRLJ iawlzu"
          color="0,0,0"
          type="0"
        />
        <div
          class="sc-bczRLJ iawlzu"
          color="0,0,0"
          type="0"
        />
        <div
          class="sc-bczRLJ iawlzu"
          color="0,0,0"
          type="0"
        />
        <div
          class="sc-bczRLJ iawlzu"
          color="0,0,0"
          type="0"
        />
        <div
          class="sc-bczRLJ iawlzu"
          color="0,0,0"
          type="0"
        />
        <div
          class="sc-bczRLJ iawlzu"
          color="0,0,0"
          type="0"
        />
        <div
          class="sc-bczRLJ iawlzu"
          color="0,0,0"
          type="0"
        />
        <div
          class="sc-bczRLJ iawlzu"
          color="0,0,0"
          type="0"
        />
        <div
          class="sc-bczRLJ iawlzu"
          color="0,0,0"
          type="0"
        />
        <div
          class="sc-bczRLJ iawlzu"
          color="0,0,0"
          type="0"
        />
        <div
          class="sc-bczRLJ iawlzu"
          color="0,0,0"
          type="0"
        />
        <div
          class="sc-bczRLJ iawlzu"
          color="0,0,0"
          type="0"
        />
        <div
          class="sc-bczRLJ iawlzu"
          color="0,0,0"
          type="0"
        />
        <div
          class="sc-bczRLJ iawlzu"
          color="0,0,0"
          type="0"
        />
        <div
          class="sc-bczRLJ iawlzu"
          color="0,0,0"
          type="0"
        />
        <div
          class="sc-bczRLJ iawlzu"
          color="0,0,0"
          type="0"
        />
        <div
          class="sc-bczRLJ iawlzu"
          color="0,0,0"
          type="0"
        />
        <div
          class="sc-bczRLJ iawlzu"
          color="0,0,0"
          type="0"
        />
        <div
          class="sc-bczRLJ iawlzu"
          color="0,0,0"
          type="0"
        />
        <div
          class="sc-bczRLJ iawlzu"
          color="0,0,0"
          type="0"
        />
        <div
          class="sc-bczRLJ iawlzu"
          color="0,0,0"
          type="0"
        />
        <div
          class="sc-bczRLJ iawlzu"
          color="0,0,0"
          type="0"
        />
        <div
          class="sc-bczRLJ iawlzu"
          color="0,0,0"
          type="0"
        />
        <div
          class="sc-bczRLJ iawlzu"
          color="0,0,0"
          type="0"
        />
        <div
          class="sc-bczRLJ iawlzu"
          color="0,0,0"
          type="0"
        />
        <div
          class="sc-bczRLJ iawlzu"
          color="0,0,0"
          type="0"
        />
        <div
          class="sc-bczRLJ iawlzu"
          color="0,0,0"
          type="0"
        />
        <div
          class="sc-bczRLJ iawlzu"
          color="0,0,0"
          type="0"
        />
        <div
          class="sc-bczRLJ iawlzu"
          color="0,0,0"
          type="0"
        />
        <div
          class="sc-bczRLJ iawlzu"
          color="0,0,0"
          type="0"
        />
        <div
          class="sc-bczRLJ iawlzu"
          color="0,0,0"
          type="0"
        />
        <div
          class="sc-bczRLJ iawlzu"
          color="0,0,0"
          type="0"
        />
        <div
          class="sc-bczRLJ iawlzu"
          color="0,0,0"
          type="0"
        />
        <div
          class="sc-bczRLJ iawlzu"
          color="0,0,0"
          type="0"
        />
        <div
          class="sc-bczRLJ iawlzu"
          color="0,0,0"
          type="0"
        />
        <div
          class="sc-bczRLJ iawlzu"
          color="0,0,0"
          type="0"
        />
        <div
          class="sc-bczRLJ iawlzu"
          color="0,0,0"
          type="0"
        />
        <div
          class="sc-bczRLJ iawlzu"
          color="0,0,0"
          type="0"
        />
        <div
          class="sc-bczRLJ iawlzu"
          color="0,0,0"
          type="0"
        />
        <div
          class="sc-bczRLJ iawlzu"
          color="0,0,0"
          type="0"
        />
        <div
          class="sc-bczRLJ iawlzu"
          color="0,0,0"
          type="0"
        />
        <div
          class="sc-bczRLJ iawlzu"
          color="0,0,0"
          type="0"
        />
        <div
          class="sc-bczRLJ iawlzu"
          color="0,0,0"
          type="0"
        />
        <div
          class="sc-bczRLJ iawlzu"
          color="0,0,0"
          type="0"
        />
        <div
          class="sc-bczRLJ iawlzu"
          color="0,0,0"
          type="0"
        />
        <div
          class="sc-bczRLJ iawlzu"
          color="0,0,0"
          type="0"
        />
        <div
          class="sc-bczRLJ iawlzu"
          color="0,0,0"
          type="0"
        />
        <div
          class="sc-bczRLJ iawlzu"
          color="0,0,0"
          type="0"
        />
        <div
          class="sc-bczRLJ iawlzu"
          color="0,0,0"
          type="0"
        />
        <div
          class="sc-bczRLJ iawlzu"
          color="0,0,0"
          type="0"
        />
        <div
          class="sc-bczRLJ iawlzu"
          color="0,0,0"
          type="0"
        />
        <div
          class="sc-bczRLJ iawlzu"
          color="0,0,0"
          type="0"
        />
        <div
          class="sc-bczRLJ iawlzu"
          color="0,0,0"
          type="0"
        />
        <div
          class="sc-bczRLJ iawlzu"
          color="0,0,0"
          type="0"
        />
        <div
          class="sc-bczRLJ iawlzu"
          color="0,0,0"
          type="0"
        />
        <div
          class="sc-bczRLJ iawlzu"
          color="0,0,0"
          type="0"
        />
        <div
          class="sc-bczRLJ iawlzu"
          color="0,0,0"
          type="0"
        />
        <div
          class="sc-bczRLJ iawlzu"
          color="0,0,0"
          type="0"
        />
        <div
          class="sc-bczRLJ iawlzu"
          color="0,0,0"
          type="0"
        />
        <div
          class="sc-bczRLJ iawlzu"
          color="0,0,0"
          type="0"
        />
        <div
          class="sc-bczRLJ iawlzu"
          color="0,0,0"
          type="0"
        />
        <div
          class="sc-bczRLJ iawlzu"
          color="0,0,0"
          type="0"
        />
        <div
          class="sc-bczRLJ iawlzu"
          color="0,0,0"
          type="0"
        />
        <div
          class="sc-bczRLJ iawlzu"
          color="0,0,0"
          type="0"
        />
        <div
          class="sc-bczRLJ iawlzu"
          color="0,0,0"
          type="0"
        />
        <div
          class="sc-bczRLJ iawlzu"
          color="0,0,0"
          type="0"
        />
        <div
          class="sc-bczRLJ iawlzu"
          color="0,0,0"
          type="0"
        />
        <div
          class="sc-bczRLJ iawlzu"
          color="0,0,0"
          type="0"
        />
        <div
          class="sc-bczRLJ iawlzu"
          color="0,0,0"
          type="0"
        />
        <div
          class="sc-bczRLJ iawlzu"
          color="0,0,0"
          type="0"
        />
        <div
          class="sc-bczRLJ iawlzu"
          color="0,0,0"
          type="0"
        />
        <div
          class="sc-bczRLJ iawlzu"
          color="0,0,0"
          type="0"
        />
        <div
          class="sc-bczRLJ iawlzu"
          color="0,0,0"
          type="0"
        />
        <div
          class="sc-bczRLJ iawlzu"
          color="0,0,0"
          type="0"
        />
        <div
          class="sc-bczRLJ iawlzu"
          color="0,0,0"
          type="0"
        />
        <div
          class="sc-bczRLJ iawlzu"
          color="0,0,0"
          type="0"
        />
        <div
          class="sc-bczRLJ iawlzu"
          color="0,0,0"
          type="0"
        />
        <div
          class="sc-bczRLJ iawlzu"
          color="0,0,0"
          type="0"
        />
        <div
          class="sc-bczRLJ iawlzu"
          color="0,0,0"
          type="0"
        />
        <div
          class="sc-bczRLJ iawlzu"
          color="0,0,0"
          type="0"
        />
        <div
          class="sc-bczRLJ iawlzu"
          color="0,0,0"
          type="0"
        />
        <div
          class="sc-bczRLJ iawlzu"
          color="0,0,0"
          type="0"
        />
        <div
          class="sc-bczRLJ iawlzu"
          color="0,0,0"
          type="0"
        />
        <div
          class="sc-bczRLJ iawlzu"
          color="0,0,0"
          type="0"
        />
        <div
          class="sc-bczRLJ iawlzu"
          color="0,0,0"
          type="0"
        />
        <div
          class="sc-bczRLJ iawlzu"
          color="0,0,0"
          type="0"
        />
        <div
          class="sc-bczRLJ iawlzu"
          color="0,0,0"
          type="0"
        />
        <div
          class="sc-bczRLJ iawlzu"
          color="0,0,0"
          type="0"
        />
        <div
          class="sc-bczRLJ iawlzu"
          color="0,0,0"
          type="0"
        />
        <div
          class="sc-bczRLJ iawlzu"
          color="0,0,0"
          type="0"
        />
        <div
          class="sc-bczRLJ iawlzu"
          color="0,0,0"
          type="0"
        />
        <div
          class="sc-bczRLJ iawlzu"
          color="0,0,0"
          type="0"
        />
        <div
          class="sc-bczRLJ iawlzu"
          color="0,0,0"
          type="0"
        />
        <div
          class="sc-bczRLJ iawlzu"
          color="0,0,0"
          type="0"
        />
        <div
          class="sc-bczRLJ iawlzu"
          color="0,0,0"
          type="0"
        />
        <div
          class="sc-bczRLJ iawlzu"
          color="0,0,0"
          type="0"
        />
        <div
          class="sc-bczRLJ iawlzu"
          color="0,0,0"
          type="0"
        />
        <div
          class="sc-bczRLJ iawlzu"
          color="0,0,0"
          type="0"
        />
        <div
          class="sc-bczRLJ iawlzu"
          color="0,0,0"
          type="0"
        />
        <div
          class="sc-bczRLJ iawlzu"
          color="0,0,0"
          type="0"
        />
        <div
          class="sc-bczRLJ iawlzu"
          color="0,0,0"
          type="0"
        />
        <div
          class="sc-bczRLJ iawlzu"
          color="0,0,0"
          type="0"
        />
        <div
          class="sc-bczRLJ iawlzu"
          color="0,0,0"
          type="0"
        />
        <div
          class="sc-bczRLJ iawlzu"
          color="0,0,0"
          type="0"
        />
        <div
          class="sc-bczRLJ iawlzu"
          color="0,0,0"
          type="0"
        />
        <div
          class="sc-bczRLJ iawlzu"
          color="0,0,0"
          type="0"
        />
        <div
          class="sc-bczRLJ iawlzu"
          color="0,0,0"
          type="0"
        />
        <div
          class="sc-bczRLJ iawlzu"
          color="0,0,0"
          type="0"
        />
        <div
          class="sc-bczRLJ iawlzu"
          color="0,0,0"
          type="0"
        />
        <div
          class="sc-bczRLJ iawlzu"
          color="0,0,0"
          type="0"
        />
        <div
          class="sc-bczRLJ iawlzu"
          color="0,0,0"
          type="0"
        />
        <div
          class="sc-bczRLJ iawlzu"
          color="0,0,0"
          type="0"
        />
        <div
          class="sc-bczRLJ iawlzu"
          color="0,0,0"
          type="0"
        />
        <div
          class="sc-bczRLJ iawlzu"
          color="0,0,0"
          type="0"
        />
        <div
          class="sc-bczRLJ iawlzu"
          color="0,0,0"
          type="0"
        />
        <div
          class="sc-bczRLJ iawlzu"
          color="0,0,0"
          type="0"
        />
        <div
          class="sc-bczRLJ iawlzu"
          color="0,0,0"
          type="0"
        />
        <div
          class="sc-bczRLJ iawlzu"
          color="0,0,0"
          type="0"
        />
        <div
          class="sc-bczRLJ iawlzu"
          color="0,0,0"
          type="0"
        />
        <div
          class="sc-bczRLJ iawlzu"
          color="0,0,0"
          type="0"
        />
        <div
          class="sc-bczRLJ iawlzu"
          color="0,0,0"
          type="0"
        />
        <div
          class="sc-bczRLJ iawlzu"
          color="0,0,0"
          type="0"
        />
        <div
          class="sc-bczRLJ iawlzu"
          color="0,0,0"
          type="0"
        />
        <div
          class="sc-bczRLJ iawlzu"
          color="0,0,0"
          type="0"
        />
        <div
          class="sc-bczRLJ iawlzu"
          color="0,0,0"
          type="0"
        />
        <div
          class="sc-bczRLJ iawlzu"
          color="0,0,0"
          type="0"
        />
        <div
          class="sc-bczRLJ iawlzu"
          color="0,0,0"
          type="0"
        />
        <div
          class="sc-bczRLJ iawlzu"
          color="0,0,0"
          type="0"
        />
        <div
          class="sc-bczRLJ iawlzu"
          color="0,0,0"
          type="0"
        />
        <div
          class="sc-bczRLJ iawlzu"
          color="0,0,0"
          type="0"
        />
        <div
          class="sc-bczRLJ iawlzu"
          color="0,0,0"
          type="0"
        />
        <div
          class="sc-bczRLJ iawlzu"
          color="0,0,0"
          type="0"
        />
        <div
          class="sc-bczRLJ iawlzu"
          color="0,0,0"
          type="0"
        />
        <div
          class="sc-bczRLJ iawlzu"
          color="0,0,0"
          type="0"
        />
        <div
          class="sc-bczRLJ iawlzu"
          color="0,0,0"
          type="0"
        />
      </div>
      <aside>
        <div>
          <div
            class="sc-dkzDqf eAuaYz"
          >
            Score: 0
          </div>
          <div
            class="sc-dkzDqf eAuaYz"
          >
            Rows: 0
          </div>
          <div
            class="sc-dkzDqf eAuaYz"
          >
            Level: 0
          </div>
        </div>
        <div
          class="sc-hKMtZM hqLCoi"
        >
          Start Game
        </div>
      </aside>
    </div>
  </div>
</div>
`;
